// Jest Snapshot v1, https://goo.gl/fbAQLP

exports[`Button renders correctly 1`] = `
<button
  className="css-1d7r97v-buttonCss"
  onClick={[Function]}
>
  test
</button>
`;
