// Jest Snapshot v1, https://goo.gl/fbAQLP

exports[`CommitmentsEntry renders correctly 1`] = `
<div
  className="css-5c99pg-commonStyles-commitmentsEntryStyles-CommitmentsEntry"
>
  <div
    className="left-shift"
  >
    <img />
    <div>
      test
    </div>
  </div>
</div>
`;
