// Jest Snapshot v1, https://goo.gl/fbAQLP

exports[`EsmaPanel renders correctly 1`] = `
<section
  className="css-1c7sk15-panelCss"
>
  <header>
    <h2>
      ESMA Panel
    </h2>
    <p>
      The energy and interest for ESMA has been incredible attracting the support of many senior and inspirational leaders on social mobility.
    </p>
  </header>
  <div
    className="panel-members"
  >
    <div
      className="css-1jk3mwe-switcherCss"
    >
      <div
        className="preview"
        onClick={[Function]}
      >
        <h3>
          Business People
        </h3>
        <span
          className="icon "
        >
          <svg
            aria-hidden="true"
            className="svg-inline--fa fa-chevron-up fa-w-14 "
            data-icon="chevron-up"
            data-prefix="fas"
            focusable="false"
            role="img"
            style={Object {}}
            viewBox="0 0 448 512"
            xmlns="http://www.w3.org/2000/svg"
          >
            <path
              d="M240.971 130.524l194.343 194.343c9.373 9.373 9.373 24.569 0 33.941l-22.667 22.667c-9.357 9.357-24.522 9.375-33.901.04L224 227.495 69.255 381.516c-9.379 9.335-24.544 9.317-33.901-.04l-22.667-22.667c-9.373-9.373-9.373-24.569 0-33.941L207.03 130.525c9.372-9.373 24.568-9.373 33.941-.001z"
              fill="currentColor"
              style={Object {}}
            />
          </svg>
        </span>
      </div>
      <ul
        className=""
      >
        <li
          className="active"
          onClick={[Function]}
        >
          Business People
        </li>
        <li
          className=""
          onClick={[Function]}
        >
          Public Sector People
        </li>
        <li
          className=""
          onClick={[Function]}
        >
          Social Mobility Alliance People
        </li>
        <li
          className=""
          onClick={[Function]}
        >
          Third Sector People
        </li>
      </ul>
    </div>
    <ul>
      <li>
        <div
          style={
            Object {
              "display": "flex",
            }
          }
        >
          <strong
            style={
              Object {
                "flexGrow": 0,
                "flexShrink": 0,
              }
            }
          >
            Derek Trotter
          </strong>
          <span
            dangerouslySetInnerHTML={
              Object {
                "__html": "CEO of Trotters Independent Traders Ltd",
              }
            }
            style={
              Object {
                "flexGrow": 1,
              }
            }
          />
        </div>
      </li>
    </ul>
  </div>
  <p>
    Authored by Dr Catherine McGregor, the ESMA panel will produce a guide which summarises key recommendations identified by the Life Stages teams. ESMA also hopes to raise an incubator fund to enable the sharing of best practice materials, and support creative and radical innovation that has the promise to improve people's lives across the UK.
  </p>
</section>
`;
