// Jest Snapshot v1, https://goo.gl/fbAQLP

exports[`PureSeo renders correctly 1`] = `null`;
