// Jest Snapshot v1, https://goo.gl/fbAQLP

exports[`EsmaPanel renders correctly 1`] = `
<section
  className="css-7ko312-panelCss"
>
  <header>
    <h2>
      ESMA Panel
    </h2>
    <p>
      The energy and interest for ESMA has been incredible attracting the support of many senior and inspirational leaders on social mobility.
    </p>
  </header>
  <div
    className="panel-members"
  >
    <div
      className="css-z37yht-switcherCss"
    >
      <div
        className="preview"
        onClick={[Function]}
      >
        <h3>
          Business People
        </h3>
        <span
          className="icon "
        >
          <svg
            aria-hidden="true"
            className="svg-inline--fa fa-chevron-up fa-w-14 "
            data-icon="chevron-up"
            data-prefix="fas"
            focusable="false"
            role="img"
            style={Object {}}
            viewBox="0 0 448 512"
            xmlns="http://www.w3.org/2000/svg"
          >
            <path
              d="M240.971 130.524l194.343 194.343c9.373 9.373 9.373 24.569 0 33.941l-22.667 22.667c-9.357 9.357-24.522 9.375-33.901.04L224 227.495 69.255 381.516c-9.379 9.335-24.544 9.317-33.901-.04l-22.667-22.667c-9.373-9.373-9.373-24.569 0-33.941L207.03 130.525c9.372-9.373 24.568-9.373 33.941-.001z"
              fill="currentColor"
              style={Object {}}
            />
          </svg>
        </span>
      </div>
      <ul
        className=""
      >
        <li
          className="active"
          onClick={[Function]}
        >
          Business People
        </li>
        <li
          className=""
          onClick={[Function]}
        >
          Public Sector People
        </li>
        <li
          className=""
          onClick={[Function]}
        >
          Social Mobility Alliance People
        </li>
        <li
          className=""
          onClick={[Function]}
        >
          Third Sector People
        </li>
      </ul>
    </div>
    <ul>
      <li>
        <strong>
          Derek Trotter
        </strong>
        <span
          dangerouslySetInnerHTML={
            Object {
              "__html": "CEO of Trotters Independent Traders Ltd",
            }
          }
        />
      </li>
    </ul>
  </div>
  <p>
    Authored by Dr Catherine McGregor, the ESMA panel will also oversee the production of a report which summarises the key thematic recommendations identified by the Study Segment teams. Subject to funding, the ESMA Panel will distribute the Incubator Fund to licence (on a commercial basis) best practice materials from organisations identified by the SM Operational Appraisal.
  </p>
  <p>
    These materials will be provided to other Social Mobility focussed organisations on a Creative Commons basis, in turn, cross fertilising best practice across the UK and enabling exemplar initiatives/organisations to grow and increase impact.
  </p>
</section>
`;
