// Jest Snapshot v1, https://goo.gl/fbAQLP

exports[`FurtherReading renders correctly 1`] = `
<div
  className="further-reading-container css-1e497tz-furtherReadingStyles"
  role="list"
>
  <ul>
    <li>
      Sample entry
    </li>
  </ul>
</div>
`;
