// Jest Snapshot v1, https://goo.gl/fbAQLP

exports[`Pills renders correctly 1`] = `
<nav
  className="css-15dfcdf-dropdownCssMobile-cssListItem-cssList-cssPills-highlightColorCss-Pills"
>
  <div
    className="dropdown"
    onClick={[Function]}
  >
    Contents
    <span
      className="icon "
    >
      <svg
        aria-hidden="true"
        className="svg-inline--fa fa-chevron-up fa-w-14 "
        data-icon="chevron-up"
        data-prefix="fas"
        focusable="false"
        role="img"
        style={Object {}}
        viewBox="0 0 448 512"
        xmlns="http://www.w3.org/2000/svg"
      >
        <path
          d="M240.971 130.524l194.343 194.343c9.373 9.373 9.373 24.569 0 33.941l-22.667 22.667c-9.357 9.357-24.522 9.375-33.901.04L224 227.495 69.255 381.516c-9.379 9.335-24.544 9.317-33.901-.04l-22.667-22.667c-9.373-9.373-9.373-24.569 0-33.941L207.03 130.525c9.372-9.373 24.568-9.373 33.941-.001z"
          fill="currentColor"
          style={Object {}}
        />
      </svg>
    </span>
  </div>
  <ol
    className="pill-list"
  >
    <li>
      <a
        className="current-page"
        href="/"
      >
        Executive Summary
      </a>
    </li>
    <li>
      <a
        className={null}
        href="/"
      >
        Early Years Foundation Stage
      </a>
    </li>
    <li>
      <a
        className={null}
        href="/"
      >
        Family Circumstances
      </a>
    </li>
    <li>
      <a
        className={null}
        href="/"
      >
        Social class and underachievement
      </a>
    </li>
    <li>
      <a
        className={null}
        href="/"
      >
        School cultures
      </a>
    </li>
    <li>
      <a
        className={null}
        href="/"
      >
        Geographical educational inequality
      </a>
    </li>
    <li>
      <a
        className={null}
        href="/"
      >
        Type and quality of schooling
      </a>
    </li>
    <li>
      <a
        className={null}
        href="/"
      >
        Low aspirations
      </a>
    </li>
    <li>
      <a
        className={null}
        href="/"
      >
        Access to career advice
      </a>
    </li>
    <li>
      <a
        className={null}
        href="/"
      >
        Gaps in attainnment
      </a>
    </li>
    <li>
      <a
        className={null}
        href="/"
      >
        Impact of COVID-19
      </a>
    </li>
  </ol>
</nav>
`;
